../Core/Src/main.c:79:7:numtoscale	16	static
../Core/Src/main.c:99:6:piano	16	static
../Core/Src/main.c:115:5:main	192	static
../Core/Src/main.c:192:6:SystemClock_Config	88	static
../Core/Src/main.c:237:13:MX_NVIC_Init	8	static
../Core/Src/main.c:252:13:MX_TIM4_Init	48	static
../Core/Src/main.c:301:13:MX_USART3_UART_Init	8	static
../Core/Src/main.c:334:13:MX_GPIO_Init	24	static
../Core/Src/main.c:349:6:HAL_UART_RxCpltCallback	16	static
../Core/Src/main.c:364:6:Error_Handler	4	static,ignoring_inline_asm
