../Core/Src/main.c:49:1:__io_putchar	16	static
../Core/Src/main.c:98:6:delay	16	static
../Core/Src/main.c:104:6:HAL_TIM_IC_CaptureCallback	16	static
../Core/Src/main.c:141:6:HCSR04_Read	8	static
../Core/Src/main.c:154:7:distanceToScale	16	static
../Core/Src/main.c:186:6:piano	16	static
../Core/Src/main.c:195:6:slideLine	24	static
../Core/Src/main.c:215:5:main	40	static
../Core/Src/main.c:280:6:SystemClock_Config	88	static
../Core/Src/main.c:325:13:MX_NVIC_Init	8	static
../Core/Src/main.c:337:13:MX_I2C1_Init	8	static
../Core/Src/main.c:385:13:MX_TIM3_Init	48	static
../Core/Src/main.c:443:13:MX_TIM4_Init	48	static
../Core/Src/main.c:492:13:MX_USART3_UART_Init	8	static
../Core/Src/main.c:525:13:MX_GPIO_Init	48	static
../Core/Src/main.c:560:6:Error_Handler	4	static,ignoring_inline_asm
