../Core/Src/main.c:51:5:_write	24	static
../Core/Src/main.c:57:5:__io_putchar	16	static
../Core/Src/main.c:88:6:HAL_ADC_ConvCpltCallback	16	static
../Core/Src/main.c:101:5:main	16	static
../Core/Src/main.c:195:6:SystemClock_Config	88	static
../Core/Src/main.c:236:13:MX_NVIC_Init	8	static
../Core/Src/main.c:248:13:MX_ADC1_Init	24	static
../Core/Src/main.c:300:13:MX_USART3_UART_Init	8	static
../Core/Src/main.c:333:13:MX_GPIO_Init	48	static
../Core/Src/main.c:367:6:Error_Handler	4	static,ignoring_inline_asm
