14:57:03 **** Incremental Build of configuration Debug for project DAC_TEST ****
make -j8 all 
arm-none-eabi-gcc "../Core/Src/main.c" -mcpu=cortex-m4 -std=gnu11 -g3 -DDEBUG -DUSE_HAL_DRIVER -DSTM32F429xx -c -I../Core/Inc -I../Drivers/STM32F4xx_HAL_Driver/Inc -I../Drivers/STM32F4xx_HAL_Driver/Inc/Legacy -I../Drivers/CMSIS/Device/ST/STM32F4xx/Include -I../Drivers/CMSIS/Include -O0 -ffunction-sections -fdata-sections -Wall -fstack-usage -fcyclomatic-complexity -MMD -MP -MF"Core/Src/main.d" -MT"Core/Src/main.o" --specs=nano.specs -mfpu=fpv4-sp-d16 -mfloat-abi=hard -mthumb -o "Core/Src/main.o"
../Core/Src/main.c: In function 'main':
../Core/Src/main.c:150:4: warning: implicit declaration of function 'printf' [-Wimplicit-function-declaration]
  150 |    printf("value : %d", adc_value);
      |    ^~~~~~
../Core/Src/main.c:150:4: warning: incompatible implicit declaration of built-in function 'printf'
../Core/Src/main.c:21:1: note: include '<stdio.h>' or provide a declaration of 'printf'
   20 | #include "main.h"
  +++ |+#include <stdio.h>
   21 | 
arm-none-eabi-gcc -o "DAC_TEST.elf" @"objects.list"   -mcpu=cortex-m4 -T"D:\ARM Cortex-M\workspace\DAC_TEST\STM32F429ZITX_FLASH.ld" --specs=nosys.specs -Wl,-Map="DAC_TEST.map" -Wl,--gc-sections -static --specs=nano.specs -mfpu=fpv4-sp-d16 -mfloat-abi=hard -mthumb -Wl,--start-group -lc -lm -Wl,--end-group
Finished building target: DAC_TEST.elf
 
arm-none-eabi-size   DAC_TEST.elf 
arm-none-eabi-objdump -h -S  DAC_TEST.elf  > "DAC_TEST.list"
   text	   data	    bss	    dec	    hex	filename
  18736	    120	   1760	  20616	   5088	DAC_TEST.elf
Finished building: default.size.stdout
 
Finished building: DAC_TEST.list
 

14:57:04 Build Finished. 0 errors, 2 warnings. (took 933ms)

