20:09:07 **** Incremental Build of configuration Debug for project OCIC_Ultrasonic ****
make -j8 all 
arm-none-eabi-gcc "../Core/Src/main.c" -mcpu=cortex-m4 -std=gnu11 -g3 -DDEBUG -DUSE_HAL_DRIVER -DSTM32F429xx -c -I../Core/Inc -I../Drivers/STM32F4xx_HAL_Driver/Inc -I../Drivers/STM32F4xx_HAL_Driver/Inc/Legacy -I../Drivers/CMSIS/Device/ST/STM32F4xx/Include -I../Drivers/CMSIS/Include -O0 -ffunction-sections -fdata-sections -Wall -fstack-usage -fcyclomatic-complexity -MMD -MP -MF"Core/Src/main.d" -MT"Core/Src/main.o" --specs=nano.specs -mfpu=fpv4-sp-d16 -mfloat-abi=hard -mthumb -o "Core/Src/main.o"
../Core/Src/main.c: In function 'main':
../Core/Src/main.c:249:3: warning: implicit declaration of function 'LCD_Init' [-Wimplicit-function-declaration]
  249 |   LCD_Init(LCD_ADDR);
      |   ^~~~~~~~
../Core/Src/main.c:250:3: warning: implicit declaration of function 'init' [-Wimplicit-function-declaration]
  250 |   init();
      |   ^~~~
../Core/Src/main.c:261:4: warning: implicit declaration of function 'printf' [-Wimplicit-function-declaration]
  261 |    printf("%d cm, Piano: %c\r\n",Distance, code);
      |    ^~~~~~
../Core/Src/main.c:261:4: warning: incompatible implicit declaration of built-in function 'printf'
../Core/Src/main.c:21:1: note: include '<stdio.h>' or provide a declaration of 'printf'
   20 | #include "main.h"
  +++ |+#include <stdio.h>
   21 | 
../Core/Src/main.c:262:4: warning: implicit declaration of function 'sprintf' [-Wimplicit-function-declaration]
  262 |    sprintf(String, "%03d cm, Piano: %c\r\n",Distance, code);
      |    ^~~~~~~
../Core/Src/main.c:262:4: warning: incompatible implicit declaration of built-in function 'sprintf'
../Core/Src/main.c:262:4: note: include '<stdio.h>' or provide a declaration of 'sprintf'
../Core/Src/main.c:263:4: warning: implicit declaration of function 'LCD_SendCommand' [-Wimplicit-function-declaration]
  263 |    LCD_SendCommand(LCD_ADDR, 0b10000000); //0x00
      |    ^~~~~~~~~~~~~~~
../Core/Src/main.c:264:4: warning: implicit declaration of function 'LCD_SendString' [-Wimplicit-function-declaration]
  264 |    LCD_SendString((0x27 << 1), String);
      |    ^~~~~~~~~~~~~~
arm-none-eabi-gcc -o "OCIC_Ultrasonic.elf" @"objects.list"   -mcpu=cortex-m4 -T"D:\ARM Cortex-M\workspace\OCIC_Ultrasonic\STM32F429ZITX_FLASH.ld" --specs=nosys.specs -Wl,-Map="OCIC_Ultrasonic.map" -Wl,--gc-sections -static --specs=nano.specs -mfpu=fpv4-sp-d16 -mfloat-abi=hard -mthumb -Wl,--start-group -lc -lm -Wl,--end-group
Finished building target: OCIC_Ultrasonic.elf
 
arm-none-eabi-size   OCIC_Ultrasonic.elf 
arm-none-eabi-objdump -h -S  OCIC_Ultrasonic.elf  > "OCIC_Ultrasonic.list"
   text	   data	    bss	    dec	    hex	filename
  27872	    144	   1904	  29920	   74e0	OCIC_Ultrasonic.elf
Finished building: default.size.stdout
 
Finished building: OCIC_Ultrasonic.list
 

20:09:08 Build Finished. 0 errors, 8 warnings. (took 995ms)

