16:10:22 **** Incremental Build of configuration Debug for project OCIC_TEST ****
make -j8 all 
arm-none-eabi-gcc "../Core/Src/main.c" -mcpu=cortex-m4 -std=gnu11 -g3 -DDEBUG -DUSE_HAL_DRIVER -DSTM32F429xx -c -I../Core/Inc -I../Drivers/STM32F4xx_HAL_Driver/Inc -I../Drivers/STM32F4xx_HAL_Driver/Inc/Legacy -I../Drivers/CMSIS/Device/ST/STM32F4xx/Include -I../Drivers/CMSIS/Include -O0 -ffunction-sections -fdata-sections -Wall -fstack-usage -fcyclomatic-complexity -MMD -MP -MF"Core/Src/main.d" -MT"Core/Src/main.o" --specs=nano.specs -mfpu=fpv4-sp-d16 -mfloat-abi=hard -mthumb -o "Core/Src/main.o"
arm-none-eabi-gcc -o "OCIC_TEST.elf" @"objects.list"   -mcpu=cortex-m4 -T"D:\ARM Cortex-M\workspace\OCIC_TEST\STM32F429ZITX_FLASH.ld" --specs=nosys.specs -Wl,-Map="OCIC_TEST.map" -Wl,--gc-sections -static --specs=nano.specs -mfpu=fpv4-sp-d16 -mfloat-abi=hard -mthumb -Wl,--start-group -lc -lm -Wl,--end-group
Finished building target: OCIC_TEST.elf
 
arm-none-eabi-size   OCIC_TEST.elf 
arm-none-eabi-objdump -h -S  OCIC_TEST.elf  > "OCIC_TEST.list"
   text	   data	    bss	    dec	    hex	filename
  10740	     20	   1644	  12404	   3074	OCIC_TEST.elf
Finished building: default.size.stdout
 
Finished building: OCIC_TEST.list
 

16:10:23 Build Finished. 0 errors, 0 warnings. (took 1s.49ms)

