17:16:53 **** Incremental Build of configuration Debug for project OCIC_UltraSound ****
make -j8 all 
arm-none-eabi-gcc "../Core/Src/main.c" -mcpu=cortex-m4 -std=gnu11 -g3 -DDEBUG -DUSE_HAL_DRIVER -DSTM32F429xx -c -I../Core/Inc -I../Drivers/STM32F4xx_HAL_Driver/Inc -I../Drivers/STM32F4xx_HAL_Driver/Inc/Legacy -I../Drivers/CMSIS/Device/ST/STM32F4xx/Include -I../Drivers/CMSIS/Include -O0 -ffunction-sections -fdata-sections -Wall -fstack-usage -fcyclomatic-complexity -MMD -MP -MF"Core/Src/main.d" -MT"Core/Src/main.o" --specs=nano.specs -mfpu=fpv4-sp-d16 -mfloat-abi=hard -mthumb -o "Core/Src/main.o"
../Core/Src/main.c: In function 'main':
../Core/Src/main.c:193:4: warning: implicit declaration of function 'printf' [-Wimplicit-function-declaration]
  193 |    printf("%d cm\r\n", Distance);
      |    ^~~~~~
../Core/Src/main.c:193:4: warning: incompatible implicit declaration of built-in function 'printf'
../Core/Src/main.c:21:1: note: include '<stdio.h>' or provide a declaration of 'printf'
   20 | #include "main.h"
  +++ |+#include <stdio.h>
   21 | 
arm-none-eabi-gcc -o "OCIC_UltraSound.elf" @"objects.list"   -mcpu=cortex-m4 -T"D:\ARM Cortex-M\workspace\OCIC_UltraSound\STM32F429ZITX_FLASH.ld" --specs=nosys.specs -Wl,-Map="OCIC_UltraSound.map" -Wl,--gc-sections -static --specs=nano.specs -mfpu=fpv4-sp-d16 -mfloat-abi=hard -mthumb -Wl,--start-group -lc -lm -Wl,--end-group
Finished building target: OCIC_UltraSound.elf
 
arm-none-eabi-size   OCIC_UltraSound.elf 
arm-none-eabi-objdump -h -S  OCIC_UltraSound.elf  > "OCIC_UltraSound.list"
   text	   data	    bss	    dec	    hex	filename
  22188	    120	   1744	  24052	   5df4	OCIC_UltraSound.elf
Finished building: default.size.stdout
 
Finished building: OCIC_UltraSound.list
 

17:16:54 Build Finished. 0 errors, 2 warnings. (took 883ms)

