19:02:21 **** Incremental Build of configuration Debug for project PWM_TEST ****
make -j8 all 
arm-none-eabi-gcc "../Core/Src/main.c" -mcpu=cortex-m4 -std=gnu11 -g3 -DDEBUG -DUSE_HAL_DRIVER -DSTM32F429xx -c -I../Core/Inc -I../Drivers/STM32F4xx_HAL_Driver/Inc -I../Drivers/STM32F4xx_HAL_Driver/Inc/Legacy -I../Drivers/CMSIS/Device/ST/STM32F4xx/Include -I../Drivers/CMSIS/Include -O0 -ffunction-sections -fdata-sections -Wall -fstack-usage -fcyclomatic-complexity -MMD -MP -MF"Core/Src/main.d" -MT"Core/Src/main.o" --specs=nano.specs -mfpu=fpv4-sp-d16 -mfloat-abi=hard -mthumb -o "Core/Src/main.o"
../Core/Src/main.c: In function 'main':
../Core/Src/main.c:154:4: warning: implicit declaration of function 'printf' [-Wimplicit-function-declaration]
  154 |    printf("joystick: %d , scaling value : %d\r\n", adc_value, scaling(adc_value));
      |    ^~~~~~
../Core/Src/main.c:154:4: warning: incompatible implicit declaration of built-in function 'printf'
../Core/Src/main.c:21:1: note: include '<stdio.h>' or provide a declaration of 'printf'
   20 | #include "main.h"
  +++ |+#include <stdio.h>
   21 | 
../Core/Src/main.c:136:12: warning: unused variable 'value' [-Wunused-variable]
  136 |   uint16_t value = 2;
      |            ^~~~~
arm-none-eabi-gcc -o "PWM_TEST.elf" @"objects.list"   -mcpu=cortex-m4 -T"D:\ARM Cortex-M\workspace\PWM_TEST\STM32F429ZITX_FLASH.ld" --specs=nosys.specs -Wl,-Map="PWM_TEST.map" -Wl,--gc-sections -static --specs=nano.specs -mfpu=fpv4-sp-d16 -mfloat-abi=hard -mthumb -Wl,--start-group -lc -lm -Wl,--end-group
Finished building target: PWM_TEST.elf
 
arm-none-eabi-size   PWM_TEST.elf 
arm-none-eabi-objdump -h -S  PWM_TEST.elf  > "PWM_TEST.list"
   text	   data	    bss	    dec	    hex	filename
  22940	    120	   1808	  24868	   6124	PWM_TEST.elf
Finished building: default.size.stdout
 
Finished building: PWM_TEST.list
 

19:02:22 Build Finished. 0 errors, 3 warnings. (took 992ms)

