16:18:54 **** Build of configuration Debug for project Timer_TEST2 ****
make -j8 all 
arm-none-eabi-gcc "../Core/Src/main.c" -mcpu=cortex-m4 -std=gnu11 -g3 -DDEBUG -DUSE_HAL_DRIVER -DSTM32F429xx -c -I../Core/Inc -I../Drivers/STM32F4xx_HAL_Driver/Inc -I../Drivers/STM32F4xx_HAL_Driver/Inc/Legacy -I../Drivers/CMSIS/Device/ST/STM32F4xx/Include -I../Drivers/CMSIS/Include -O0 -ffunction-sections -fdata-sections -Wall -fstack-usage -fcyclomatic-complexity -MMD -MP -MF"Core/Src/main.d" -MT"Core/Src/main.o" --specs=nano.specs -mfpu=fpv4-sp-d16 -mfloat-abi=hard -mthumb -o "Core/Src/main.o"
arm-none-eabi-gcc -o "Timer_TEST2.elf" @"objects.list"   -mcpu=cortex-m4 -T"D:\ARM Cortex-M\workspace\Timer_TEST2\STM32F429ZITX_FLASH.ld" --specs=nosys.specs -Wl,-Map="Timer_TEST2.map" -Wl,--gc-sections -static --specs=nano.specs -mfpu=fpv4-sp-d16 -mfloat-abi=hard -mthumb -Wl,--start-group -lc -lm -Wl,--end-group
Finished building target: Timer_TEST2.elf
 
arm-none-eabi-size   Timer_TEST2.elf 
arm-none-eabi-objdump -h -S  Timer_TEST2.elf  > "Timer_TEST2.list"
   text	   data	    bss	    dec	    hex	filename
   9260	     20	   1788	  11068	   2b3c	Timer_TEST2.elf
Finished building: default.size.stdout
 
Finished building: Timer_TEST2.list
 

16:18:56 Build Finished. 0 errors, 0 warnings. (took 1s.462ms)

