10:33:48 **** Incremental Build of configuration Debug for project UART_Example ****
make -j8 all 
arm-none-eabi-gcc "../Core/Src/main.c" -mcpu=cortex-m4 -std=gnu11 -g3 -DDEBUG -DUSE_HAL_DRIVER -DSTM32F429xx -c -I../Core/Inc -I../Drivers/STM32F4xx_HAL_Driver/Inc -I../Drivers/STM32F4xx_HAL_Driver/Inc/Legacy -I../Drivers/CMSIS/Device/ST/STM32F4xx/Include -I../Drivers/CMSIS/Include -O0 -ffunction-sections -fdata-sections -Wall -fstack-usage -fcyclomatic-complexity -MMD -MP -MF"Core/Src/main.d" -MT"Core/Src/main.o" --specs=nano.specs -mfpu=fpv4-sp-d16 -mfloat-abi=hard -mthumb -o "Core/Src/main.o"
../Core/Src/main.c: In function 'main':
../Core/Src/main.c:131:8: warning: unused variable 'uart_buf' [-Wunused-variable]
  131 |   char uart_buf[30];
      |        ^~~~~~~~
../Core/Src/main.c:126:8: warning: unused variable 'str' [-Wunused-variable]
  126 |   char str[256] = { 0, };
      |        ^~~
../Core/Src/main.c:123:7: warning: unused variable 'count' [-Wunused-variable]
  123 |   int count = 0;
      |       ^~~~~
arm-none-eabi-gcc -o "UART_Example.elf" @"objects.list"   -mcpu=cortex-m4 -T"D:\ARM Cortex-M\workspace\UART_Example\STM32F429ZITX_FLASH.ld" --specs=nosys.specs -Wl,-Map="UART_Example.map" -Wl,--gc-sections -static --specs=nano.specs -mfpu=fpv4-sp-d16 -mfloat-abi=hard -mthumb -Wl,--start-group -lc -lm -Wl,--end-group
Finished building target: UART_Example.elf
 
arm-none-eabi-size   UART_Example.elf 
arm-none-eabi-objdump -h -S  UART_Example.elf  > "UART_Example.list"
   text	   data	    bss	    dec	    hex	filename
  13860	    120	   1656	  15636	   3d14	UART_Example.elf
Finished building: default.size.stdout
 
Finished building: UART_Example.list
 

10:33:49 Build Finished. 0 errors, 3 warnings. (took 922ms)

