../Core/Src/main.c:77:5:_read	24	static
../Core/Src/main.c:82:5:__io_getchar	16	static
../Core/Src/main.c:89:5:_write	24	static
../Core/Src/main.c:95:5:__io_putchar	16	static
../Core/Src/main.c:118:5:main	8	static
../Core/Src/main.c:200:6:SystemClock_Config	136	static
../Core/Src/main.c:257:13:MX_NVIC_Init	8	static
../Core/Src/main.c:275:13:MX_ADC1_Init	24	static
../Core/Src/main.c:325:13:MX_I2C1_Init	8	static
../Core/Src/main.c:371:13:MX_RTC_Init	8	static
../Core/Src/main.c:405:13:MX_USART3_UART_Init	8	static
../Core/Src/main.c:440:13:MX_GPIO_Init	56	static
../Core/Src/main.c:534:6:HAL_GPIO_EXTI_Callback	16	static
../Core/Src/main.c:546:6:HAL_UART_RxCpltCallback	16	static
../Core/Src/main.c:583:6:Error_Handler	4	static
