../Core/Src/main.c:62:5:_write	24	static
../Core/Src/main.c:68:5:__io_putchar	16	static
../Core/Src/main.c:75:5:_read	24	static
../Core/Src/main.c:80:5:__io_getchar	16	static
../Core/Src/main.c:92:5:scaling	16	static
../Core/Src/main.c:103:5:main	24	static
../Core/Src/main.c:167:6:SystemClock_Config	88	static
../Core/Src/main.c:212:13:MX_NVIC_Init	8	static
../Core/Src/main.c:230:13:MX_ADC1_Init	24	static
../Core/Src/main.c:282:13:MX_TIM3_Init	64	static
../Core/Src/main.c:341:13:MX_USART3_UART_Init	8	static
../Core/Src/main.c:374:13:MX_GPIO_Init	24	static
../Core/Src/main.c:389:6:HAL_ADC_ConvCpltCallback	16	static
../Core/Src/main.c:404:6:Error_Handler	4	static,ignoring_inline_asm
