../Core/Src/main.c:49:5:_write	24	static
../Core/Src/main.c:55:5:__io_putchar	16	static
../Core/Src/main.c:62:5:_read	24	static
../Core/Src/main.c:67:5:__io_getchar	16	static
../Core/Src/main.c:115:5:main	40	static
../Core/Src/main.c:184:6:SystemClock_Config	88	static
../Core/Src/main.c:225:13:MX_NVIC_Init	8	static
../Core/Src/main.c:240:13:MX_USART3_UART_Init	8	static
../Core/Src/main.c:273:13:MX_GPIO_Init	48	static
../Core/Src/main.c:315:6:HAL_UART_RxCpltCallback	16	static
../Core/Src/main.c:339:6:HAL_GPIO_EXTI_Callback	24	static
../Core/Src/main.c:368:6:Error_Handler	4	static,ignoring_inline_asm
