../Core/Src/main.c:58:5:_write	24	static
../Core/Src/main.c:64:5:__io_putchar	16	static
../Core/Src/main.c:71:5:_read	24	static
../Core/Src/main.c:76:5:__io_getchar	16	static
../Core/Src/main.c:100:5:scaling	16	static
../Core/Src/main.c:105:5:scalingRatio	24	static
../Core/Src/main.c:117:5:main	32	static
../Core/Src/main.c:192:6:SystemClock_Config	88	static
../Core/Src/main.c:237:13:MX_NVIC_Init	8	static
../Core/Src/main.c:261:13:MX_ADC1_Init	24	static
../Core/Src/main.c:313:13:MX_I2C1_Init	8	static
../Core/Src/main.c:361:13:MX_TIM2_Init	32	static
../Core/Src/main.c:406:13:MX_TIM3_Init	48	static
../Core/Src/main.c:460:13:MX_TIM4_Init	48	static
../Core/Src/main.c:509:13:MX_USART3_UART_Init	8	static
../Core/Src/main.c:542:13:MX_GPIO_Init	56	static
../Core/Src/main.c:594:6:HAL_ADC_ConvCpltCallback	16	static
../Core/Src/main.c:602:6:HAL_TIM_PeriodElapsedCallback	16	static
../Core/Src/main.c:610:6:HAL_GPIO_EXTI_Callback	24	static
../Core/Src/main.c:642:6:Error_Handler	4	static,ignoring_inline_asm
