../Core/Src/main.c:75:6:slideLine	24	static
../Core/Src/main.c:110:6:HAL_SYSTICK_Callback	8	static
../Core/Src/main.c:125:5:main	16	static
../Core/Src/main.c:197:6:SystemClock_Config	88	static
../Core/Src/main.c:243:13:MX_NVIC_Init	8	static
../Core/Src/main.c:261:13:MX_I2C1_Init	8	static
../Core/Src/main.c:309:13:MX_RTC_Init	8	static
../Core/Src/main.c:344:13:MX_TIM3_Init	32	static
../Core/Src/main.c:389:13:MX_USART3_UART_Init	8	static
../Core/Src/main.c:422:13:MX_GPIO_Init	48	static
../Core/Src/main.c:460:6:HAL_GPIO_EXTI_Callback	16	static
../Core/Src/main.c:473:6:Error_Handler	4	static,ignoring_inline_asm
