../Core/Src/main.c:77:5:main	8	static
../Core/Src/main.c:131:6:SystemClock_Config	88	static
../Core/Src/main.c:172:13:MX_NVIC_Init	8	static
../Core/Src/main.c:193:13:MX_I2C1_Init	8	static
../Core/Src/main.c:241:13:MX_TIM2_Init	32	static
../Core/Src/main.c:286:13:MX_TIM3_Init	32	static
../Core/Src/main.c:331:13:MX_TIM4_Init	32	static
../Core/Src/main.c:376:13:MX_USART3_UART_Init	8	static
../Core/Src/main.c:409:13:MX_GPIO_Init	32	static
../Core/Src/main.c:434:6:HAL_TIM_PeriodElapsedCallback	16	static
../Core/Src/main.c:455:6:Error_Handler	4	static,ignoring_inline_asm
